C51 COMPILER V9.60.0.0   MAIN                                                              03/08/2022 17:17:57 PAGE 1   


C51 COMPILER V9.60.0.0, COMPILATION OF MODULE MAIN
OBJECT MODULE PLACED IN .\Objects\main.obj
COMPILER INVOKED BY: C:\Keil_v5\C51\BIN\C51.EXE main.c OPTIMIZE(8,SPEED) BROWSE DEBUG OBJECTEXTEND PRINT(.\Listings\main
                    -.lst) TABS(2) OBJECT(.\Objects\main.obj)

line level    source

   1          /*
   2           * Copyright        : Shendong mcu studio
   3           * File Description : Main Cotntrol Loop.
   4           * Created          : by oliverzhang@shendongmcu.com
   5           */
   6          
   7          #include "global.h"
   8          
   9          
  10          uint8 code line0[] = "I love MCU!     ";
  11          
  12          uint8 code line1[] = "LCD1602 Test!   ";
  13          
  14          
  15          static void InitSTC8A(void)
  16          {
  17   1        P0M1 = 0x00;
  18   1        P0M0 = 0x00;
  19   1        P1M1 = 0x00;
  20   1        P1M0 = 0x00;
  21   1        P2M1 = 0x00;
  22   1        P2M0 = 0x00;
  23   1        P3M1 = 0x00;
  24   1        P3M0 = 0x00;
  25   1        P4M1 = 0x00;
  26   1        P4M0 = 0x00;
  27   1        P5M1 = 0x00;
  28   1        P5M0 = 0x00;
  29   1        P6M1 = 0x00;
  30   1        P6M0 = 0x00;
  31   1        P7M1 = 0x00;
  32   1        P7M0 = 0x00;
  33   1      }
  34          
  35          #define ESPI            0x02
  36          
  37          void main(void)
  38          {
  39   1        int i, j;
  40   1        //u1* pbuf = "hello world spi flash write test!";
  41   1        //u1* pbuf = "AAAAAAABBBBBBBBBBBCCCCCCCCCCAAAA!";
  42   1        //int len = 33;
  43   1        //u1 rpbuf[34];
  44   1        /**
  45   1        unsigned int ix = 0;
  46   1        int idata x;
  47   1        int xdata y;
  48   1        int data z;
  49   1        int pdata o;**/
  50   1        InitSTC8A();
  51   1        //time_Initialization();
  52   1        uart1_Initialization();
*** WARNING C206 IN LINE 52 OF main.c: 'uart1_Initialization': missing function-prototype
  53   1        //printf("Hello world.\r\n");
C51 COMPILER V9.60.0.0   MAIN                                                              03/08/2022 17:17:57 PAGE 2   

  54   1        spi_init(0);
  55   1        //oled_ligth();
  56   1        oled_init();
  57   1        oled_test();
  58   1        printf("------------------------\r\n");
  59   1        
  60   1        
  61   1        time_HoggingDelayMs(100000000000);
  62   1        
  63   1        /**
  64   1        read_device_id();
  65   1        page_write(pbuf, len, 256);
  66   1        fast_read(rpbuf, len, 0);
  67   1        rpbuf[len] = '\0';
  68   1        printf("buf[0] = %s\r\n", rpbuf);
  69   1        fast_read(rpbuf, len, 256);
  70   1        rpbuf[len] = '\0';
  71   1        printf("buf[1] = %s\r\n", rpbuf);
  72   1       **/
  73   1      
  74   1        
  75   1        //time_HoggingDelayMs(100000);
  76   1        /**
  77   1        led_Initialization();
  78   1        time_HoggingDelayMs(1000);
  79   1        led_TurnOn();
  80   1        time_Initialization();
  81   1        time_HoggingDelayMs(1000);
  82   1        led_unint();
  83   1        lcd_init();
  84   1        lcd_wirte_string(0, 0, "Hello World!    ");
  85   1        lcd_wirte_string(0, 1, "LCD1602 Test!   ");
  86   1      
  87   1        enable_nest_clock();
  88   1        **/
  89   1      /*
  90   1          led_Initialization();
  91   1          uart1_Initialization();
  92   1          printf("Hello world.\r\n");
  93   1          
  94   1          for (;ix < 1000;ix++)
  95   1      
  96   1          {
  97   1      
  98   1             led_TurnOn();
  99   1      
 100   1             printf("Turn on LED. count = %u\r\n",ix);
 101   1      
 102   1             time_HoggingDelayMs(500);
 103   1      
 104   1             led_TurnOff();
 105   1      
 106   1             printf("Turn off LED. count = %u\r\n",ix);
 107   1      
 108   1             time_HoggingDelayMs(500);
 109   1      
 110   1          }*/
 111   1          
 112   1      }
*** WARNING C280 IN LINE 39 OF main.c: 'i': unreferenced local variable
*** WARNING C280 IN LINE 39 OF main.c: 'j': unreferenced local variable

C51 COMPILER V9.60.0.0   MAIN                                                              03/08/2022 17:17:57 PAGE 3   


MODULE INFORMATION:   STATIC OVERLAYABLE
   CODE SIZE        =     67    ----
   CONSTANT SIZE    =     61    ----
   XDATA SIZE       =   ----    ----
   PDATA SIZE       =   ----    ----
   DATA SIZE        =   ----       4
   IDATA SIZE       =   ----    ----
   BIT SIZE         =   ----    ----
END OF MODULE INFORMATION.


C51 COMPILATION COMPLETE.  3 WARNING(S),  0 ERROR(S)
